📊 <b>JARVIS WEEKLY REVIEW — Semaine du 2026-05-18 au 2026-05-24</b>

<b>Score moyen : 22.0/100</b> | Meilleur : 38 | Jours solides (80+) : 0/7

<b>Scores moyens par pillier :</b>
  Business   ████░░░░░░ 14.0/30
  Physique   ███░░░░░░░ 6.7/20
  Spirituel  █░░░░░░░░░ 3.0/20
  Cognitif   ██░░░░░░░░ 4.0/15
  Mental     ███░░░░░░░ 3.3/10
  Social     █████░░░░░ 2.5/5

<b>Business semaine :</b>
  DMs total : 0/14 (objectif 7×2)
  Calls bookés : 1 | Calls closés : 0

<b>Spirituel :</b>
  Fajr : 0/7 jours | Prières moyenne : 1.0/5

<b>Physique :</b>
  Gym : 2/7 | Sommeil moyen : 9.5h | Goyslop : 3j

🔥 <b>Streak No PMO actuel : 2 jours</b>

<b>Verdict semaine :</b>
  ⚠ Score global faible — exécution à revoir
  ⚠ Outreach insuffisant (0/140 DMs)
  ⚠ Fajr : 0/7 — pas acceptable
  ⚠ Goyslop 3 jour(s) — discipline alimentaire
  ⚠ Gym seulement 2/7 — augmente la fréquence

<b>Focus semaine prochaine :</b>
  Pillier le plus faible : Spirituel — priorité #1
  Continue l'outreach daily sans exception

<b>Patterns détectés cette semaine :</b>
  ✦ Gym fait : 100% des meilleurs jours vs 0% des pires
  ✦ Deep work 2h+ : 100% des meilleurs jours vs 0% des pires

<b>Décision unique pour la semaine :</b>
  Pillier Spirituel à 15% de son max.
  Une seule chose à faire : définir 1 action concrète pour ce pillier et l'exécuter chaque jour.

— JARVIS
Weekly review sent.
📊 <b>JARVIS WEEKLY REVIEW — Semaine du 2026-05-25 au 2026-05-31</b>

<b>Score moyen : 21.8/100</b> | Meilleur : 39 | Jours solides (80+) : 0/7

<b>Scores moyens par pillier :</b>
  Business   █░░░░░░░░░ 5.8/30
  Physique   ██░░░░░░░░ 5.7/20
  Spirituel  ██░░░░░░░░ 4.8/20
  Cognitif   ██░░░░░░░░ 4.0/15
  Mental     ███░░░░░░░ 3.0/10
  Social     ██████░░░░ 3.2/5

<b>Business semaine :</b>
  DMs total : 0/14 (objectif 7×2)
  Calls bookés : 0 | Calls closés : 0

<b>Spirituel :</b>
  Fajr : 2/7 jours | Prières moyenne : 1.3/5

<b>Physique :</b>
  Gym : 3/7 | Sommeil moyen : 7.8h | Goyslop : 6j

🔥 <b>Streak No PMO actuel : 9 jours</b>

<b>Verdict semaine :</b>
  ⚠ Score global faible — exécution à revoir
  ⚠ Outreach insuffisant (0/140 DMs)
  ⚠ Fajr : 2/7 — pas acceptable
  ⚠ Goyslop 6 jour(s) — discipline alimentaire
  ⚠ Gym seulement 3/7 — augmente la fréquence

<b>Focus semaine prochaine :</b>
  Pillier le plus faible : Business — priorité #1
  Continue l'outreach daily sans exception

<b>Patterns détectés cette semaine :</b>
  ✦ Gym fait : 100% des meilleurs jours vs 50% des pires
  ✦ Deep work 2h+ : 50% des meilleurs jours vs 0% des pires

<b>Décision unique pour la semaine :</b>
  Pillier Business à 19% de son max.
  Une seule chose à faire : définir 1 action concrète pour ce pillier et l'exécuter chaque jour.

— JARVIS
Weekly review sent.
📊 <b>JARVIS WEEKLY REVIEW — Semaine du 2026-06-01 au 2026-06-07</b>

<b>Score moyen : 18.0/100</b> | Meilleur : 21 | Jours solides (80+) : 0/7

<b>Scores moyens par pillier :</b>
  Business   █░░░░░░░░░ 3.7/30
  Physique   ██░░░░░░░░ 5.0/20
  Spirituel  ░░░░░░░░░░ 0/20
  Cognitif   █░░░░░░░░░ 2.7/15
  Mental     ███░░░░░░░ 3.0/10
  Social     ███████░░░ 3.7/5

<b>Business semaine :</b>
  DMs total : 0/14 (objectif 7×2)
  Calls bookés : 0 | Calls closés : 0

<b>Spirituel :</b>
  Fajr : 0/7 jours | Prières moyenne : 0/5

<b>Physique :</b>
  Gym : 3/7 | Sommeil moyen : 7.0h | Goyslop : 1j

🔥 <b>Streak No PMO actuel : 1 jours</b>

<b>Verdict semaine :</b>
  ⚠ Score global faible — exécution à revoir
  ⚠ Outreach insuffisant (0/140 DMs)
  ⚠ Fajr : 0/7 — pas acceptable
  ⚠ Goyslop 1 jour(s) — discipline alimentaire
  ⚠ Gym seulement 3/7 — augmente la fréquence

<b>Focus semaine prochaine :</b>
  Pillier le plus faible : Spirituel — priorité #1
  Continue l'outreach daily sans exception

<b>Patterns détectés cette semaine :</b>
  ✦ No PMO : 100% des meilleurs jours vs 0% des pires

<b>Décision unique pour la semaine :</b>
  Pillier Spirituel à 0% de son max.
  Une seule chose à faire : définir 1 action concrète pour ce pillier et l'exécuter chaque jour.

— JARVIS
Weekly review sent.
Pas assez de données pour la review
Pas assez de données pour la review
📊 <b>JARVIS WEEKLY REVIEW — Semaine du 2026-06-22 au 2026-06-28</b>

<b>Score moyen : 23.8/100</b> | Meilleur : 29 | Jours solides (80+) : 0/7

<b>Scores moyens par pillier :</b>
  Business   █░░░░░░░░░ 3.2/30
  Physique   ██░░░░░░░░ 5.0/20
  Spirituel  ░░░░░░░░░░ 1.5/20
  Cognitif   ███░░░░░░░ 4.8/15
  Mental     █████░░░░░ 5.2/10
  Social     ████████░░ 4.0/5

<b>Business semaine :</b>
  DMs total : 0/14 (objectif 7×2)
  Calls bookés : 0 | Calls closés : 0

<b>Spirituel :</b>
  Fajr : 1/7 jours | Prières moyenne : 1.0/5

<b>Physique :</b>
  Gym : 2/7 | Sommeil moyen : 7.2h | Goyslop : 4j

🔥 <b>Streak No PMO actuel : 0 jours</b>

<b>Verdict semaine :</b>
  ⚠ Score global faible — exécution à revoir
  ⚠ Outreach insuffisant (0/140 DMs)
  ⚠ Fajr : 1/7 — pas acceptable
  ⚠ Goyslop 4 jour(s) — discipline alimentaire
  ⚠ Gym seulement 2/7 — augmente la fréquence

<b>Focus semaine prochaine :</b>
  Pillier le plus faible : Spirituel — priorité #1
  Continue l'outreach daily sans exception

<b>Patterns détectés cette semaine :</b>
  ✦ Gym fait : 100% des meilleurs jours vs 0% des pires
  ✦ No PMO : 100% des meilleurs jours vs 0% des pires

<b>Décision unique pour la semaine :</b>
  Pillier Spirituel à 8% de son max.
  Une seule chose à faire : définir 1 action concrète pour ce pillier et l'exécuter chaque jour.

— JARVIS
Weekly review sent.
Pas assez de données pour la review
Pas assez de données pour la review
Pas assez de données pour la review
Pas assez de données pour la review
